// Jest Snapshot v1, https://goo.gl/fbAQLP

exports[`cache() errors throws when no resolverCache is configured 1`] = `"Missing resolverCache property on the Graphql context."`;
